------------------------------------------------------------
TimeQuest Timing Analyzer Summary
------------------------------------------------------------

Type  : Slow 1200mV 85C Model Setup 'clock'
Slack : -0.556
TNS   : -0.556

Type  : Slow 1200mV 85C Model Setup 'clock_divider:div1|dffe_ref:dff|q'
Slack : 0.210
TNS   : 0.000

Type  : Slow 1200mV 85C Model Hold 'clock_divider:div1|dffe_ref:dff|q'
Slack : 0.445
TNS   : 0.000

Type  : Slow 1200mV 85C Model Hold 'clock'
Slack : 0.533
TNS   : 0.000

Type  : Slow 1200mV 85C Model Minimum Pulse Width 'clock'
Slack : -3.000
TNS   : -4.285

Type  : Slow 1200mV 85C Model Minimum Pulse Width 'clock_divider:div1|dffe_ref:dff|q'
Slack : -1.285
TNS   : -1.285

Type  : Slow 1200mV 0C Model Setup 'clock'
Slack : -0.405
TNS   : -0.405

Type  : Slow 1200mV 0C Model Setup 'clock_divider:div1|dffe_ref:dff|q'
Slack : 0.297
TNS   : 0.000

Type  : Slow 1200mV 0C Model Hold 'clock_divider:div1|dffe_ref:dff|q'
Slack : 0.398
TNS   : 0.000

Type  : Slow 1200mV 0C Model Hold 'clock'
Slack : 0.421
TNS   : 0.000

Type  : Slow 1200mV 0C Model Minimum Pulse Width 'clock'
Slack : -3.000
TNS   : -4.285

Type  : Slow 1200mV 0C Model Minimum Pulse Width 'clock_divider:div1|dffe_ref:dff|q'
Slack : -1.285
TNS   : -1.285

Type  : Fast 1200mV 0C Model Setup 'clock'
Slack : -0.041
TNS   : -0.041

Type  : Fast 1200mV 0C Model Setup 'clock_divider:div1|dffe_ref:dff|q'
Slack : 0.626
TNS   : 0.000

Type  : Fast 1200mV 0C Model Hold 'clock_divider:div1|dffe_ref:dff|q'
Slack : 0.208
TNS   : 0.000

Type  : Fast 1200mV 0C Model Hold 'clock'
Slack : 0.274
TNS   : 0.000

Type  : Fast 1200mV 0C Model Minimum Pulse Width 'clock'
Slack : -3.000
TNS   : -4.073

Type  : Fast 1200mV 0C Model Minimum Pulse Width 'clock_divider:div1|dffe_ref:dff|q'
Slack : -1.000
TNS   : -1.000

------------------------------------------------------------
